['pool::tests::budget::account_position'] = {
    "cpu_cost": 416050785,
    "memory_cost": 416050785,
}
['pool::tests::budget::borrow'] = {
    "cpu_cost": 376134551,
    "memory_cost": 376134551,
}
['pool::tests::budget::collat_coeff'] = {
    "cpu_cost": 392090348,
    "memory_cost": 392090348,
}
['pool::tests::budget::configure_as_collateral'] = {
    "cpu_cost": 115194438,
    "memory_cost": 115194438,
}
['pool::tests::budget::debt_coeff'] = {
    "cpu_cost": 377387138,
    "memory_cost": 377387138,
}
['pool::tests::budget::deposit'] = {
    "cpu_cost": 141222104,
    "memory_cost": 141222104,
}
['pool::tests::budget::enable_borrowing_on_reserve'] = {
    "cpu_cost": 105464353,
    "memory_cost": 105464353,
}
['pool::tests::budget::get_reserve'] = {
    "cpu_cost": 104788490,
    "memory_cost": 104788490,
}
['pool::tests::budget::init_reserve'] = {
    "cpu_cost": 12801081,
    "memory_cost": 12801081,
}
['pool::tests::budget::ir_params'] = {
    "cpu_cost": 104853810,
    "memory_cost": 104853810,
}
['pool::tests::budget::liquidate'] = {
    "cpu_cost": 498522470,
    "memory_cost": 498522470,
}
['pool::tests::budget::paused'] = {
    "cpu_cost": 104728839,
    "memory_cost": 104728839,
}
['pool::tests::budget::price_feed'] = {
    "cpu_cost": 104731810,
    "memory_cost": 104731810,
}
['pool::tests::budget::repay'] = {
    "cpu_cost": 404271958,
    "memory_cost": 404271958,
}
['pool::tests::budget::set_as_collateral'] = {
    "cpu_cost": 337929383,
    "memory_cost": 337929383,
}
['pool::tests::budget::set_ir_params'] = {
    "cpu_cost": 105431959,
    "memory_cost": 105431959,
}
['pool::tests::budget::set_pause'] = {
    "cpu_cost": 105315255,
    "memory_cost": 105315255,
}
['pool::tests::budget::set_price_feed'] = {
    "cpu_cost": 865267,
    "memory_cost": 865267,
}
['pool::tests::budget::set_reserve_status'] = {
    "cpu_cost": 105454682,
    "memory_cost": 105454682,
}
['pool::tests::budget::stoken_underlying_balance'] = {
    "cpu_cost": 141989628,
    "memory_cost": 141989628,
}
['pool::tests::budget::treasury'] = {
    "cpu_cost": 260578,
    "memory_cost": 260578,
}
['pool::tests::budget::user_configuration'] = {
    "cpu_cost": 295658930,
    "memory_cost": 295658930,
}
['pool::tests::budget::withdraw'] = {
    "cpu_cost": 332251733,
    "memory_cost": 332251733,
}
